МАКС-2001
    /airshows/maks/2001/
Paris-2001
    /airshows/paris/2001/
САКС
    /airshows/saks/
SAKS-2002
САКС-2002
    /airshows/saks/2002/
1.44
    /alpha/1/1.44/
A-10
A-10A
    /alpha/a/a/10/
A5M
A5M1
A5M2a
A5M4
Claude
    /alpha/a/a5m
Ababil
Ababil-S
    /alpha/a/ababil
AIM-54
Phoenix
    /alpha/a/aim/54/
ALQ-99
    /alpha/a/alq/99/
ALX
    /alpha/a/alx
APG
    /alpha/a/apg/
APG-64
    /alpha/a/apg/64/
APG-66
    /alpha/a/apg/66/
APG-69
    /alpha/a/apg/69/
AN/APG-70
APG-70
    /alpha/a/apg/70/
APG-76
    /alpha/a/apg/76/
AQM-81
AQM-81A
Firebolt
    /alpha/a/aqm/81
B-52
B-52A
B-52B
B-52D
B-52G
B-52H
Stratofortress
Б-52
В-52
    /alpha/b/52/
B-1
    /alpha/b/b/1/
B-1B
    /alpha/b/b/1/b/
B-17
    /alpha/b/b/17/
B-2
B-2 Spirit
    /alpha/b/b/2/
Бекаа
    /alpha/b/bekaa/
Bekaa
    /alpha/b/bekaa/eng/
Bekaa_War
    /alpha/b/bekaa1/eng/
BMW
    /alpha/b/bmw/
BMW-003
BMW-003A
BMW-003D
BMW-003R
    /alpha/b/bmw/003/
BMW-018
BMW-018R
    /alpha/b/bmw/018/
BMW-028
    /alpha/b/bmw/028/
Buffalo
    /alpha/b/buffalo/
C-130
C-130J
C130
Hercules
Геркулес
    /alpha/c/c/130/
C-17
    /alpha/c/c/17/
CH-146
    /alpha/c/ch/146/
EA-6B
    /alpha/e/ea/6/b/
EF-111A
    /alpha/e/ef/111/a/
Bandeirante
EMB-110
    /alpha/e/emb/110
Bandeirulha
EMB-111
EMB-111A
EMB-111B
P-95
    /alpha/e/emb/111
EMB-120
    /alpha/e/emb/120
EMB-312
EMB-312F
Tucano
    /alpha/e/emb/312
EP-3
EP-3A
EP-3B
EP-3C
EP-3E
    /alpha/e/ep/3
F-117
F-117A
    /alpha/f/117/
F9F
Panther
XF9F
Пантера
Ф9Ф
    /alpha/f/9/f/
CA-27
CL-13
F-86
F-86A
F-86B
F-86D
F-86E
F-86F
F-86H
F-86L
Sabre
Сейбр
Ф-86
    /alpha/f/f-86/
F100-PW-229
    /alpha/f/f/100/pw/229/
ACTIVE
F-15ACTIVE
    /alpha/f/f/15/active/
F-15E
Strike Eagle
    /alpha/f/f/15/e/
F-16
    /alpha/f/f/16
AFTI
AFTI/F-16
F-16AFTI
    /alpha/f/f/16/afti/
F-16X
    /alpha/f/f/16/x/
F-16XL
    /alpha/f/f/16/xl/
F-4J
    /alpha/f/f/4/j/
F-4K
    /alpha/f/f/4/k/
F-4M
    /alpha/f/f/4/m/
Cutlass
F7U
    /alpha/f/f/7/u/
AF-18A
ATF-18A
CF-18A
CF-18B
EF-18
F-18
F-18L
F/A-18
F/A-18A
F/A-18B
F/A-18C
F/A-18C/D
F/A-18D
F/A-18E/E
HARV
YF-17
    /alpha/f/fa/18
F/A-18E
F/A-18E/F
F/A-18F
    /alpha/f/fa/18/ef/
FB-22
    /alpha/f/fb/22/
FW-190
Fw.190
Fw.190A-8
Fw.190A-9
    /alpha/f/fw/190/
GAU-8
    /alpha/g/gau/8/
AV-8B
Harrier
    /alpha/h/harrier/
Hermes-1500
    /alpha/h/hermes/1500/
Ho 229
    /alpha/h/ho/229/
JSF
    /alpha/j/jsf/
Ju-287
    /alpha/j/ju/287/
KC-10
    /alpha/k/kc/10/
Kfir
Кфир
    /alpha/k/kfir/
L-29
    /alpha/l/l/29/
M203
    /alpha/m/m/203/
GAU-4
M61A1
Vilcano
    /alpha/m/m/61/a/1/
MD 450
Ouragan
    /alpha/m/md/450/
MD-452
Mystere
    /alpha/m/md/452/
MD-454
    /alpha/m/md/454/
Me-163
Me-163S
    /alpha/m/me/163/
MG-15
    /alpha/m/mg/15/
MG-17
    /alpha/m/mg/17/
Mirage-2000
Mirage-2000B
Mirage-2000C
Mirage-2000M
Mirage-2000S
    /alpha/m/mirage/2000/
MTA
Ил-214
МТА
    /alpha/m/mta/
R.530
    /alpha/r/r/530/
R.530 D
R.530D
    /alpha/r/r/530/d/
R.530 F
R.530F
    /alpha/r/r/530/f/
А-40
    /alpha/rus/a/a/40/
А-50
А-50М
    /alpha/rus/a/a/50/
А-50Э
    /alpha/rus/a/a/50/e/
AEROPRAKT-22
А-22
    /alpha/rus/a/aeroprakt/22/
АИ-25
    /alpha/rus/a/ai/25/
АЛ-41Ф
    /alpha/rus/a/al/41/f/
Ан-12
    /alpha/rus/a/an/12/
Руслан
Ан-124
    /alpha/rus/a/an/124/
Ан-140
    /alpha/rus/a/an/140/
Ан-148
Ан-74-68
    /alpha/rus/a/an/148/
Ан-22
    /alpha/rus/a/an/22/
Ан-225
    /alpha/rus/a/an/225/
Ан-24
    /alpha/rus/a/an/24
Ан-26
    /alpha/rus/a/an/26/
Ан-70
    /alpha/rus/a/an/70/
Ан-74
Ан-74Т-100
Ан-74Т-200А
Ан-74ТК
Ан-74ТК-100
Ан-74ТК-200
Ан-74ТК-300
    /alpha/rus/a/an/74/
Арбалет
Багет
Багет-55-04.01
Ц181Ф
    /alpha/rus/a/arbalet/
Барс
Н-011М
Н011М
    /alpha/rus/b/bars/
Барс
Н011М
    /alpha/rus/n/n/011/m/
Н11-01М
    /alpha/rus/n/n/11/01/m/
Бе-200
    /alpha/rus/b/be/200/
Д-36
    /alpha/rus/d/36/
ДБ-3
ДБ-3А
ДБ-3Т
ДБ-3ТП
ЦКБ-26
ЦКБ-30
    /alpha/rus/d/db/3/
ДРЛО
    /alpha/rus/d/drlo/
Ер-2
    /alpha/rus/e/er/2/
Филин
    /alpha/rus/f/filin/
ГШ-30
ГШ-30К
    /alpha/rus/g/gsh/30/
Холод
    /alpha/rus/h/holod/
Ил-102
    /alpha/rus/i/il/102/
Ил-114
Ил-114-100
Ил-114Т
    /alpha/rus/i/il/114/
Ил-14
    /alpha/rus/i/il/14/
Ил-18П
    /alpha/rus/i/il/18/p/
Ил-62М
Ил-62МК
    /alpha/rus/i/il/62/
Ил-62
    /alpha/rus/i/il/62/
Ил-76
Ил-76М
Ил-76МД
Ил-76МФ
    /alpha/rus/i/il/76/
Ил-86
    /alpha/rus/i/il/86
К-36
К-36Д
К-36ДМ
    /alpha/rus/k/k/36/
Ка-137
    /alpha/rus/k/ka/137/
Ка-226
    /alpha/rus/k/ka/226
Ка-252
Ка-27
Ка-27ПЛ
Ка-27ПС
Ка-28
Ка-29
Ка-31
Ка-32
    /alpha/rus/k/ka/27
Ка-52
    /alpha/rus/k/ka/52/
Ка-58
    /alpha/rus/k/ka/58
КАБ-500КР
    /alpha/rus/k/kab/500/kr/
КАБ-500Л
    /alpha/rus/k/kab/500/l/
Копье
    /alpha/rus/k/kope/
КС-172
    /alpha/rus/k/ks/172/
Х-59
    /alpha/rus/kh/kh/59/
Ли-2
    /alpha/rus/l/li/2/
М-91
    /alpha/rus/m/m/91/
Ми-2
    /alpha/rus/m/mi/2/
Ми-24
    /alpha/rus/m/mi/24
Ми-24ВК
Ми-24ВК-1
Ми-24ВК-2
    /alpha/rus/m/mi/24/vk
Ми-26
    /alpha/rus/m/mi/26/
Ми-28
    /alpha/rus/m/mi/28/
Ми-28Н
    /alpha/rus/m/mi/28/n
Ми-28НЭ
    /alpha/rus/m/mi/28/ne/
Ми-38
    /alpha/rus/m/mi/38/
Ми-6
    /alpha/rus/m/mi/6/
Ми-8АМТШ
    /alpha/rus/m/mi/8/amtsh/
И-250
МиГ-13
    /alpha/rus/m/mig/13/
МиГ-17
    /alpha/rus/m/mig/17/
МиГ-29СМТ
    /alpha/rus/m/mig/29/smt
МиГ-31
    /alpha/rus/m/mig/31/
МиГ-31Э
    /alpha/rus/m/mig/31/e/
Сапфир-29
Н019
    /alpha/rus/n/n019/
NK
НК
    /alpha/rus/n/nk/
НК-144
    /alpha/rus/n/nk/144
НК-33
    /alpha/rus/n/nk/33
НК-44
    /alpha/rus/n/nk/44
НК-6
    /alpha/rus/n/nk/6
НК-8
    /alpha/rus/n/nk/8/
НК-86
    /alpha/rus/n/nk/86/
НК-87
    /alpha/rus/n/nk/87/
НК-93
    /alpha/rus/n/nk/93/
Оса
Скат-М
    /alpha/rus/o/osa/
П-35
    /alpha/rus/p/p/35/
П-42
    /alpha/rus/p/p/42/
Пе-2
    /alpha/rus/p/pe/2/
Пе-3
Пе-3бис
    /alpha/rus/p/pe/3/
Пе-8
    /alpha/rus/p/pe/8/
По-2
У-2
    /alpha/rus/p/po/2/
Р-195
    /alpha/rus/r/r/195/
Р-37
    /alpha/rus/r/r/37/
РД-0120
    /alpha/rus/r/rd/0120/
РД-133
    /alpha/rus/r/rd/133/
РЛПК-29
    /alpha/rus/r/rlpk29/
АНТ-37
АНТ-37бис
ДБ-2Б
Родина
    /alpha/rus/r/rodina/
С-25
    /alpha/rus/s/s/25/
С-300ПМУ
С300ПМУ
    /alpha/rus/s/s/300/pmu/
С-300В
С300В
    /alpha/rus/s/s/300/v/
СН
    /alpha/rus/s/sn/
Scorpion
Скорпион
    /alpha/rus/s/su/25/scorpion/
Су-25ТМ
    /alpha/rus/s/su/25/tm/
Су-26
Су-26М
Су-26М2
Су-26МХ
Су-26МЧ
    /alpha/rus/s/su/26/m/
Су-27УБК
    /alpha/rus/s/su/27/ubk
Су-27УБМ
Су-30КН
    /alpha/rus/s/su/30/kn/
Су-49
    /alpha/rus/s/su/49/
Су-7Б
    /alpha/rus/s/su/7/b/
C-25
С-22-4
С-22КЛ
С-23
С-26
Су-7БКЛ
    /alpha/rus/s/su/7/bkl/
ШКАС
    /alpha/rus/sh/shkas/
ШВАК-12,7
    /alpha/rus/sh/shvak/12,7/
ШВАК
    /alpha/rus/sh/shvak/20/
Ту-104
Ту-104А
Ту-104Б
Ту-104Е
Ту-107
Ту-110
    /alpha/rus/t/tu/104/
Ту-114
    /alpha/rus/t/tu/114/
Ту-124
    /alpha/rus/t/tu/124/
Ту-134
    /alpha/rus/t/tu/134/
Ту-134Р
    /alpha/rus/t/tu/134/r
Ту-134Ш
    /alpha/rus/t/tu/134/sh/
Ту-134УБЛ
    /alpha/rus/t/tu/134/ubl/
Ту-154
    /alpha/rus/t/tu/154
Ту-154А
    /alpha/rus/t/tu/154/a/
Ту-154Б
    /alpha/rus/t/tu/154/b/
Ту-154М
    /alpha/rus/t/tu/154/m
Ту-154Р
    /alpha/rus/t/tu/154/r
Ту-204
Ту-204К
    /alpha/rus/t/tu/204/
Ту-214
Ту-214VIP
    /alpha/rus/t/tu/214/
Ту-22МР
    /alpha/rus/t/tu/22/mr/
Ту-330
    /alpha/rus/t/tu/330/
Ту-334
Ту-334-120
    /alpha/rus/t/tu/334/
УльтраШКАС
    /alpha/rus/u/ultrashkas/
Як-130
    /alpha/rus/ya/yak/130/
Як-38
    /alpha/rus/ya/yak/38/
Як-40
Як-40Д
Як-40К
Як-40ТЛ
    /alpha/rus/ya/yak/40/
Як-42А
Як-42Д
Як-42Е-ЛЛ
Як-42М
Як-42Ф
    /alpha/rus/ya/yak/42/
Як-42
    /alpha/rus/ya/yak/42/
Як-54
Як-55
Як-55М
    /alpha/rus/ya/yak/55/
Як-9
як-9
    /alpha/rus/ya/yak/9/
ShowBirds
    /alpha/s/ShowBirds
Safari
    /alpha/s/safari/
Stearman
    /alpha/s/stearman/
Т-1
    /alpha/t/1/
T-34C
Turbomentor
    /alpha/t/t/34/c/
T-38
    /alpha/t/t/38/
Tazarv
    /alpha/t/tazarv/
TBM-700
    /alpha/t/tbm/700/
Valiant
    /alpha/v/valiant/
Vulcan
    /alpha/v/vulcan/
WZ-2000
    /alpha/w/wz/2000/
X-45
X-45A
X-45B
    /alpha/x/x/45/
XF-92
XF-92A
    /alpha/x/xf/92
YQM-94
YQM-94A
    /alpha/y/yqm/94/
О.С.Самойловича
Рядом с Сухим
Самойлович
Самойлович О.С.
    /books/wsukhoi/
Музей в Монино
    /buildings/monino.htm
Грёзах
    /cgi-bin/forum/ultimatebb.cgi?ubb=forum&f=10
Ракетомоделизм
Ракетомодельный
ракетомоделизм
ракетомодельный
    /cgi-bin/forum/ultimatebb.cgi?ubb=forum&f=22
#gallery
    /cgi-bin/forum/ultimatebb.cgi?ubb=get_topic&f=2&t=000149
ЧАТ
Чат
чат
    /chat/
Linux
linux
    /computers/linux/
Squid
squid
    /computers/linux/squid/
PDA
КПК
    /computers/pda/
Palm
PalmOS
    /computers/pda/palmos/
SL-10
    /computers/pda/palmos/sony-sl10/
PocketPC
WinCE
Windows CE
    /computers/pda/wince/
FB2
FictionBook
    /computers/pda/wince/read/fictionbook/
uBook
    /computers/pda/wince/soft/readers/ubook/
TopKey
    /computers/pda/wince/soft/rus/topkey/
DjVu
    /computers/soft/formats/DjVu/
PDF
    /computers/soft/formats/pdf/
eDonkey
    /computers/soft/internet/edonkey/
ICQ
Аська
Ася
аська
    /computers/soft/internet/icq/
Jabber
jabber
    /computers/soft/internet/jabber/
JAJC
    /computers/soft/internet/jabber/jajc/
Psi
    /computers/soft/internet/jabber/psi/
True Launch Bar
    /computers/soft/shells/tlb/
=KRoN=
    /connect/about.htm
Дополнительная информация
    /connect/addition.htm
=SB=
Babain
Babain Sergey
Сергей "=SB=" Бабаин
Сергей Бабаин
Сергея Бабаина
    /connect/personal/babain/
Pan_OK
Олег Пантелеев
Олега Пантелеева
    /connect/personal/pan-ok.htm
Serge Pod
    /connect/personal/serge-pod.htm
Dmitry Ustsov
Дмитрий Усцов
    /connect/personal/ustsov.htm
Авиакатастрофы
    /crashes/
KAL-007
Брюн
Южнокорейский Боинг
    /crashes/1983/09/KAL-007/
Катастрофы
    /crashes/mig25/
Форум
Форум Авиабазы
Форума
Форумах
Форуме
Форуму
Форумы
Форумы Авиабазы
    /forum/
МиГ-37
    /forum/1/51/
В_чем_смысл_жизни
В_чем_смысл_жизни?
    /forum/10/275/index.htm
Есть_ли_жизнь_на_Марсе
    /forum/12/456/index.htm
Кто_убил_Кеннеди
    /forum/8/64/index.htm
Ангар
    /hangar/
Embraer
    /hangar/brazil/embraer
Великого соседа
КНР
Китай
Китая
    /hangar/china/
авиадвигатели
двигатели
    /hangar/engines/
АЛ-31Ф
    /hangar/equipment/engines/al-31f/
БРЛС
    /hangar/equipment/radars/
COBRA DANE
COBRA DANE
PAVE PAWS
    /hangar/equipment/radars/far/
НИИП
    /hangar/equipment/radars/niip/
НИИР
    /hangar/equipment/radars/niir/
Франция
    /hangar/france/
Dassault
    /hangar/france/dassault
Rafal
    /hangar/france/dassault/rafal/
Rafale
Rafale B
    /hangar/france/dassault/rafale/
SOCATA
socata
    /hangar/france/socata/
Арадо
    /hangar/germany/arado/
Ar.195
    /hangar/germany/arado/ar/195/
Ar.65
    /hangar/germany/arado/ar/65/
Ar.67
    /hangar/germany/arado/ar/67/
Ar.68
    /hangar/germany/arado/ar/68/
Ar.95
Ar.95b
    /hangar/germany/arado/ar/95/
Me-262
    /hangar/germany/messerschmitt/me/262/
Comanche
RAH-66
Команч
    /hangar/helicopters/usa/rah-66
Иран
    /hangar/iran
HESA
    /hangar/iran/hesa
OIC
    /hangar/iran/oic/
Elbit
Элбит
    /hangar/israel/elbit/
Япония
    /hangar/japan/
Hакадзима
Hакадзимы
Накадзима
    /hangar/japan/nakajima/
Ki-49
Ки-49
    /hangar/japan/nakajima/ki/49/
СПC Alliance
    /hangar/planes/other/alliance/
BAC-221
    /hangar/planes/other/bac-221/
Concorde
Concordе
Конкорд
Конкорда
    /hangar/planes/other/concord/
L-39
Л-39
    /hangar/planes/other/l-39/
Gripen
JAS 39
JAS-39
    /hangar/planes/other/saab/jas-39/
Антонова
    /hangar/planes/russia/an/
Мясищева
ОКБ-23
    /hangar/planes/russia/m/
3М
Бизон
М-4
М-6
    /hangar/planes/russia/m/3m/
М-17
М-55
    /hangar/planes/russia/m/m-17/
М-18
М-20
    /hangar/planes/russia/m/m-18/
М-50
М-52
    /hangar/planes/russia/m/m-50/
М-55
    /hangar/planes/russia/m/m-55/
М-56
    /hangar/planes/russia/m/m-56/
М-70
    /hangar/planes/russia/m/m-70/
МиГ
    /hangar/planes/russia/mig/
1.42
МФИ
    /hangar/planes/russia/mig/mfi/
МиГ-110
    /hangar/planes/russia/mig/mig-110/
МиГ-15
    /hangar/planes/russia/mig/mig-15/
МиГ-19
    /hangar/planes/russia/mig/mig-19/
МиГ-29К
    /hangar/planes/russia/mig/mig-29/mig-29k/
МиГ-29СЭ
    /hangar/planes/russia/mig/mig-29/mig-29se/
МиГ-29М
МиГ-33
    /hangar/planes/russia/mig/mig-33/
МиГ-39
    /hangar/planes/russia/mig/mig-39/
Су-
Сухих
Сухого
    /hangar/planes/russia/su/
C-37
    /hangar/planes/russia/su/s-37/
С-80
    /hangar/planes/russia/su/s-80/
Су-11
    /hangar/planes/russia/su/su-11/
Су-15
    /hangar/planes/russia/su/su-15/
Су- 2
Су-2
    /hangar/planes/russia/su/su-2.htm
Су-24
    /hangar/planes/russia/su/su-24/
Су-24МР
    /hangar/planes/russia/su/su-24/su-24mr/
Су-25
    /hangar/planes/russia/su/su-25/
Су-25Т
    /hangar/planes/russia/su/su-25/su-25t.htm
Су-27
    /hangar/planes/russia/su/su-27/
А-313
А-317
А-611
АПП-50
АРК-22
Алмаз-УП
ИК-ВК-80-6
ИК-ВСП-2-10
Л006
Н-001
Н001
НК-10
ОЛС-27
ОЭПС-27
П-503Б
П-515
ПК-10
ПНК-10
Р-800Л
Р-864Л
РВ-21
РЛПК-27
САУ-10
СВС-2Ц-2
СЕИ-31
СО-69
СОС-2
Сорбция
Тестер-У3Л
ЦВМ-80
Щель-3УМ
    /hangar/planes/russia/su/su-27/radio.phtml
Су-30МК
    /hangar/planes/russia/su/su-30/su-30mk/
Су-32FN
Су-32ФН
    /hangar/planes/russia/su/su-32fn/
Су-27ТМ
Су-39
    /hangar/planes/russia/su/su-39/
Копье
    /hangar/planes/russia/su/su-39/spear.htm
Су-7
    /hangar/planes/russia/su/su-7/
Су-9
    /hangar/planes/russia/su/su-9/
Т-10
серия Т-10
    /hangar/planes/russia/su/t10all.htm
ОКБ-156
    /hangar/planes/russia/tu/
Ту-160
    /hangar/planes/russia/tu/tu-160/
Ту-95
Ту-95Н
    /hangar/planes/russia/tu/tu-95/
Як-141
    /hangar/planes/russia/yak/yak-141
Як-41
    /hangar/planes/russia/yak/yak-141/
Як-23
    /hangar/planes/russia/yak/yak-23/
Як-25
    /hangar/planes/russia/yak/yak-25
Як-28
    /hangar/planes/russia/yak/yak-28
подборки по темам
тематических подборках
    /hangar/planes/select/
Сельскохозяйственная авиация
    /hangar/planes/select/civil/
Авиация общего назначения
    /hangar/planes/select/civil/aon.htm
Стратегические бомбардировщики
    /hangar/planes/select/mil/bombers/strateg.htm
Торпедоносцы
    /hangar/planes/select/mil/bombers/torpedo.htm
Истребители
    /hangar/planes/select/mil/fighters/
Истребители-бомбардировщики
    /hangar/planes/select/mil/fighters/fb.htm
Фронтовые истребители
    /hangar/planes/select/mil/fighters/front.htm
Перехватчики
    /hangar/planes/select/mil/fighters/intercept.htm
Многоцелевые истребители
    /hangar/planes/select/mil/fighters/multi.htm
Противолодочные самолёты
    /hangar/planes/select/mil/spec/antisub.htm
Спортивные, пилотажные, учебные и тренировочные машины
Учебно-тренировочные самолёты
    /hangar/planes/select/mil/trainer.htm
Самолёты Второй мировой
    /hangar/planes/select/mil/wars/wwii.htm
Boeing
Боинг
    /hangar/planes/usa/boeing/
B2707
Boeing 2707-300
Боинг-2707-300
    /hangar/planes/usa/boeing/b2707/
HSCT
    /hangar/planes/usa/boeing/hsct/
F-104
F-104G
    /hangar/planes/usa/f/f-104/
F-14
F-14A
F-14B
F-14C
F-14D
    /hangar/planes/usa/f/f-14/
F-15
F-15A
F-15B
F-15C
F-15D
F-15DJ
F-15J
Ф-15
    /hangar/planes/usa/f/f-15/
F-22
F-22A
Ф-22
    /hangar/planes/usa/f/f-22/
F-4
F-4G
F-4H
    /hangar/planes/usa/f/f-4/
X-15
    /hangar/planes/usa/x/x-15/
Россия
    /hangar/russia/
Ан-2
Ан-2В
Ан-2К
Ан-2М
Ан-2П
Ан-2ПП
Ан-2С
Ан-2СХ
Ан-2Т
Ан-2ТД
Ан-2ТП
Ан-4
Ан-6
    /hangar/russia/antonov/an/2/
Бартини
ОКБ Бартини
Р.Л.Бартини
    /hangar/russia/bartini/
А-55
А-57
    /hangar/russia/bartini/a/57/
"Р"
Р-114
    /hangar/russia/bartini/r/
Ил-103
    /hangar/russia/iljushin/il/103/
Ил-2Т
    /hangar/russia/iljushin/il/2/t/
Ил-28
    /hangar/russia/iljushin/il/28/
Ил-96Т
    /hangar/russia/iljushin/il/96/t/
Ка-50
    /hangar/russia/kamov/ka/50
Erdogan
Ка-50-2
Эрдоган
    /hangar/russia/kamov/ka/50/2
Пчела
    /hangar/russia/kulon/pchela/
Ла-5
Ла-5М-71
Ла-5ФН
    /hangar/russia/lavochkin/la/5/
АЛ-21
АЛ-21Ф
    /hangar/russia/lulka/al/21/f/
АЛ-31ФП
АЛ-37ФУ
    /hangar/russia/lulka/al/31/fp/
АЛ-55
АЛ-55Ф
    /hangar/russia/lulka/al/55/
Микоян
    /hangar/russia/mikoyan/
Е-150
    /hangar/russia/mikoyan/e/150/
Е-151
    /hangar/russia/mikoyan/e/151/
E-152
Е-152
Е-152-1
Е-166
    /hangar/russia/mikoyan/e/152/
Е-152А
    /hangar/russia/mikoyan/e/152/a/
Е-152M
Е-152М
Е-152П
    /hangar/russia/mikoyan/e/152/m/
Е-8
    /hangar/russia/mikoyan/e/8/
К-9
    /hangar/russia/mikoyan/k/9/
МиГ-21
    /hangar/russia/mikoyan/mig/21/
МиГ-21-93
    /hangar/russia/mikoyan/mig/21/93/
МиГ-21бис
    /hangar/russia/mikoyan/mig/21/bis/
МиГ-21Ф-13
    /hangar/russia/mikoyan/mig/21/f/13/
МиГ-21И
    /hangar/russia/mikoyan/mig/21/i/
МиГ-21П
МиГ-21ПФ
МиГ-21ПФМ
МиГ-21Р
МиГ-21С
МиГ-21ФЛ
    /hangar/russia/mikoyan/mig/21/pf/
МиГ-21М
МиГ-21СМ
МиГ-21СМТ
Миг-21МТ
Миг-21МФ
    /hangar/russia/mikoyan/mig/21/sm/
МиГ-21У
МиГ-21УБ
МиГ-21УМ
МиГ-21УС
    /hangar/russia/mikoyan/mig/21/u/
23-11
23-11/1
23-11М
23-12
23-14
23-18
23-51
МиГ-23
МиГ-23М
МиГ-23МЛ
МиГ-23МЛА
МиГ-23МЛД
МиГ-23МС
МиГ-23МФ
МиГ-23П
МиГ-23С
МиГ-23УБ
МиГ-23УМ
    /hangar/russia/mikoyan/mig/23/
32-23
32-24
32-25
32-26
МиГ-23Б
МиГ-23БК
МиГ-23БМ
МиГ-23БН
    /hangar/russia/mikoyan/mig/23/b/
23-31
МиГ-23ПД
    /hangar/russia/mikoyan/mig/23/pd/
МиГ-25
    /hangar/russia/mikoyan/mig/25/
Е-155ПА
МиГ-25ПА
    /hangar/russia/mikoyan/mig/25/pa/
Е-155Р
МиГ-25Р
МиГ-25РБ
    /hangar/russia/mikoyan/mig/25/rb/
МиГ-25РУ
    /hangar/russia/mikoyan/mig/25/ru/
МиГ-27
    /hangar/russia/mikoyan/mig/27/
МиГ-29
    /hangar/russia/mikoyan/mig/29/
МиГ-29КУБ
    /hangar/russia/mikoyan/mig/29/kub/
МиГ-АТ
    /hangar/russia/mikoyan/mig/at/
В.М.Мясищева
Мясищев
ЭМЗ
    /hangar/russia/myasishchev/
М-200
    /hangar/russia/myasishchev/m/200/
М-50А
М-52А
М-52К
    /hangar/russia/myasishchev/m/50
М-53
М-54
М-61
    /hangar/russia/myasishchev/m/50/
М-500
    /hangar/russia/myasishchev/m/500/
Новик-XXI
    /hangar/russia/novik-xxi/
МА-31
    /hangar/russia/other/ma-31/
ОКБ П.О.Сухого
ОКБ Сухого
    /hangar/russia/soukhoi/
все <Су>
все <Су>
    /hangar/russia/soukhoi/all.htm
КР-860
    /hangar/russia/soukhoi/kr/860/
С-21
    /hangar/russia/soukhoi/s/21/
С-37
Су-47
    /hangar/russia/soukhoi/s/37/
С-54
С-55
С-56
    /hangar/russia/soukhoi/s/54/
SSBJ
    /hangar/russia/soukhoi/ssbj/
Су-17
Су-17М
Су-17М2
Су-17М3
Су-17М4
Су-17М4Р
Су-17УМ
Су-17УМ3
Су-20
Су-22
Су-22М
Су-22М3
Су-22М4
Су-22У
Су-22УМ
Су-22УМ3
Су-22УМ3К
    /hangar/russia/soukhoi/su/17/
Су-25СМ
    /hangar/russia/soukhoi/su/25/sm
E-155
ЛЛ-УВ(ПС)
Су-27ПС
    /hangar/russia/soukhoi/su/27/ps/
Су-29
Су-29М
Су-29СК
    /hangar/russia/soukhoi/su/29/
Су-30
    /hangar/russia/soukhoi/su/30/
Су-30МКИ
    /hangar/russia/soukhoi/su/30/mk/
Су-30МКК
    /hangar/russia/soukhoi/su/30/mkk/
Су-31
    /hangar/russia/soukhoi/su/31/
Су-27К
Су-33
    /hangar/russia/soukhoi/su/33/
Su-27K
Su-33
    /hangar/russia/soukhoi/su/33/indexe.htm
Су-27КУ
Су-27КУБ
Су-33КУ
Су-33КУБ
Су-33УБ
    /hangar/russia/soukhoi/su/33/kub/
Су-27ИБ
Су-34
    /hangar/russia/soukhoi/su/34/
Су-27М
Су-35
    /hangar/russia/soukhoi/su/35/
Су-27ЛМК
Су-37
    /hangar/russia/soukhoi/su/37/
Су-38
    /hangar/russia/soukhoi/su/38/
ЛЛ-УВ(КС)
Т-10-26
Т10-26
    /hangar/russia/soukhoi/t/10/26/
Т-4
сотки
    /hangar/russia/soukhoi/t/4/
Т-4М
    /hangar/russia/soukhoi/t/4/m/
Т-4МС
    /hangar/russia/soukhoi/t/4/ms/
ОКБ П.В. Цыбина
ОКБ П.В.Цыбина
    /hangar/russia/tsybin/
ЛЛ-1
    /hangar/russia/tsybin/ll/
ПКА
    /hangar/russia/tsybin/pka/
РСР
    /hangar/russia/tsybin/rsr/
Ту-142
    /hangar/russia/tu/142/
Вихрь
    /hangar/russia/tula/vikhr/
Тупол
Туполев
    /hangar/russia/tupolev/
Ту-128
    /hangar/russia/tupolev/tu/128/
Ту-22
Ту-22М
    /hangar/russia/tupolev/tu/22/m/
Р-27
    /hangar/russia/vympel/r/27/
Р-27АЭ
    /hangar/russia/vympel/r/27/ae/
R-27AE
    /hangar/russia/vympel/r/27/ae/indexe.htm
R-27
    /hangar/russia/vympel/r/27/indexe.htm
Р-27Р
Р-27Р1
    /hangar/russia/vympel/r/27/r/
Р-27РЭ
Р-27ЭР
Р-27ЭР1
    /hangar/russia/vympel/r/27/re/
Р-27Т
Р-27Т1
Р-27ТЭ
Р-27ЭТ
Р-27ЭТ1
    /hangar/russia/vympel/r/27/t/
Р-33
Р-33Э
    /hangar/russia/vympel/r/33/
Р-77
РВВ-АЕ
    /hangar/russia/vympel/r/77/
К-13
К-13Р
К-13Т
    /hangar/russia/weapon/aam/k/13/
Р-24
Р-24Р
Р-24Т
    /hangar/russia/weapon/aam/r/24/
Р-73
Р-73 РМД-1
Р-73М
Р-73М РМД-2
РМД-1
РМД-2
    /hangar/russia/weapon/aam/r/73/
Х-35
    /hangar/russia/weapon/as/kh/35/
Kh-35
    /hangar/russia/weapon/as/kh/35/indexe.htm
Х-59М
    /hangar/russia/weapon/as/kh/59/m/
С-13
С-8
    /hangar/russia/weapon/as/nar/
S-13
S-25
S-8
    /hangar/russia/weapon/as/nar/indexe.htm
КАБ-1500
КАБ-1500ТК
    /hangar/russia/weapon/kab/1500/
Як-52
    /hangar/russia/yakovlev/52/
Як-18Т
Як-18т
    /hangar/russia/yakovlev/yak/18/t/
Як-19
    /hangar/russia/yakovlev/yak/19
Як-44
    /hangar/russia/yakovlev/yak/44
Сверхзвуковые пассажирские самолёты
    /hangar/select/civil/sst.htm
БПЛА
Беспилотные и дистанционно-пилотируемые летательные аппараты
ДПЛА
беспилотниками
    /hangar/select/drones/
Экспериментальные
Экспериментальные самолеты
    /hangar/select/exper.htm
Средние/дальние
Средние/дальние бомбардировщики
    /hangar/select/mil/bombers/mid.htm
Крылатые ракеты
    /hangar/select/mil/cruise.htm
Космопланы
    /hangar/select/space.htm
BAe
    /hangar/uk/bae
Hawk
    /hangar/uk/bae/hawk
Rolls-Royce
    /hangar/uk/rolls-royce/
США
    /hangar/usa/
Агрессор
    /hangar/usa/aggressor/
Convair
    /hangar/usa/convair
B-58
Hustler
    /hangar/usa/convair/b/58/
F-10
    /hangar/usa/douglas/f/10/
F-111
    /hangar/usa/gd/f/111/
F-16N
    /hangar/usa/gd/f/16/n/
Grumman
Грумман
    /hangar/usa/grumman/
A-12
    /hangar/usa/lockheed/a/12/
D-21
GTD-21
M-21
    /hangar/usa/lockheed/m/21/
SR-71
SR-71A
    /hangar/usa/lockheed/sr/71/
YF-12
YF-12A
YF-12C
    /hangar/usa/lockheed/yf/12/
A-4
    /hangar/usa/md/a/4/
B-70
XB-70
XB-70A
    /hangar/usa/northam/xb/70/
XF-108
    /hangar/usa/northam/xf/108/
ADM-160
ADM-160A
MALD
    /hangar/usa/tra/adm/160
AQM-34N
BQM-34
BQM-34A
BQM-34F
BQM-34S
Firebee
KDA-1
KDA-4
Q-2A
Q-2C
XQ-2
    /hangar/usa/tra/firebee/
Global Hawk
RQ-4A
    /hangar/usa/tra/rq1/1/a/
ППО
    /hangar/weapon/ppo/
3М-80
Москит
Х-41
    /hangar/weapons/3m-80/
УРВВ
    /hangar/weapons/aa/
ГШ-301
    /hangar/weapons/gsh-301/
Х-29
Х-29Л
Х-29Т
    /hangar/weapons/kh-29/
Х-31
Х-31А
Х-31П
    /hangar/weapons/kh-31/
ПЗРК
    /hangar/weapons/pzrk/
Р-60
Р-60М
    /hangar/weapons/r-60/
Р-73Э
    /hangar/weapons/r-73/
КС-1
Комета
    /hangar/weapons/russia/as/ks-1/
Бук
    /hangar/weapons/russia/sa/buk/
2К11
Круг
    /hangar/weapons/russia/sa/krug/
С-300ПМУ2
    /hangar/weapons/russia/sa/s-300/s-300pmu2/
Тор
    /hangar/weapons/russia/sa/tor/
2С6
Тунгуска
    /hangar/weapons/russia/sa/tunguska/
ЗСУ-23-4
Шилка
    /hangar/weapons/zsu-23-4/
Авиабайках
Авиабайки
Байки
авиабайки
байки
    /humor/baiki/
Капанина
    /interview/kapanina/
КАБ-1500Л
    /k/kab/1500/l/
Душа
душа
    /kron/doors/2002/04/15/soul/
Дзэн
    /kron/doors/zen/
журнал "Казань"
    /links/magazines/kazan.htm
Искусство
    /misc/art.htm
Forth
Форту
    /misc/forth/
Listida
Nilli
    /nilli/
Осипович
    /peoples/rus/o/osipovich/
Стрижей
Стрижи
    /peoples/strizhi.htm
Русских Витязей
    /peoples/vityazi.htm
Опознание
    /photos/unknown/
Аавиахохмы
    /relax/humor/joke/
Г.Бериева
    /sb/russia/beriev/
Бе-30
    /sb/russia/beriev/be/30/
Бе-32
    /sb/russia/beriev/be/32/
Лавочкин
ОКБ С.А.Лавочкина
ОКБ-301
С.А.Лавочкин
    /sb/russia/lavochkin/
Ла-17
Ла-17М
Ла-17Р
    /sb/russia/lavochkin/la/17/
Ла-176
    /sb/russia/lavochkin/la/176/
Буря
Ла-250
    /sb/russia/lavochkin/la/250/
Ла-350
    /sb/russia/lavochkin/la/350/
МиГ-25БМ
МиГ-25РБМ
    /sb/russia/mikoyan/mig/25/bm/
Foxbat-F
MiG-25BM
    /sb/russia/mikoyan/mig/25/bm/indexe.htm
МиГ-31ЛЛ
    /sb/russia/mikoyan/mig/31/
МиГ-31Б
МиГ-31БС
    /sb/russia/mikoyan/mig/31/b/
МиГ-31БМ
    /sb/russia/mikoyan/mig/31/bm/
МиГ-31Д
    /sb/russia/mikoyan/mig/31/d/
МиГ-31Ф
    /sb/russia/mikoyan/mig/31/f/
МиГ-31М
    /sb/russia/mikoyan/mig/31/m/
М-55А
М-55Б
М-55В
    /sb/russia/myasishchev/m/55/
М-56
    /sb/russia/myasishchev/m/56/
М-57
    /sb/russia/myasishchev/m/57/
Т-60
Т-60С
    /sb/russia/sukhoi/t/60/
ЛЛ-2
ЛЛ-3
Ц-1
    /sb/russia/tsybin/ts/
Ту-120
    /sb/russia/tupolev/120/
"121"
Ту-121
    /sb/russia/tupolev/121/
"123"
ДБР-1
Ту-123
Ястреб
    /sb/russia/tupolev/123/
Ту-125
    /sb/russia/tupolev/125/
"130"
ДП
Ту-130
    /sb/russia/tupolev/130/
"135"
Ту-135
    /sb/russia/tupolev/135/
135П
Ту-135П
    /sb/russia/tupolev/135/p/
"136"
Звезда
Ту-136
    /sb/russia/tupolev/136/
"139"
ДБР-2
Ту-139
Ястреб-2
    /sb/russia/tupolev/139/
"141"
ВР-2
Стриж
Ту-141
    /sb/russia/tupolev/141/
"143"
ВР-3
Рейс
Ту-143
    /sb/russia/tupolev/143/
Ту-144Д
Ту-144ДА
    /sb/russia/tupolev/144/d/
Ту-144
    /sb/russia/tupolev/144/
Ту-144ЛЛ
    /sb/russia/tupolev/144/ll/
Ту-144С
    /sb/russia/tupolev/144/s/
Ту-22М0
    /sb/russia/tupolev/145/
Ту-22М1
Ту-22М2
    /sb/russia/tupolev/145/02/
Ту-22М3
    /sb/russia/tupolev/145/03/
Ту-2000
    /sb/russia/tupolev/2000/
"243"
ВР-3Д
Рейс-Д
Ту-243
    /sb/russia/tupolev/243/
СПС-2
Ту-244
    /sb/russia/tupolev/244/
BAC 221
    /sb/uk/bac/221/
T.188
    /sb/uk/bristol/t/188/
DynaSoar
X-20
    /sb/usa/boeing/x/20/
AIM-120
AIM-120A
AMRAAM
    /sb/usa/hughes/aim/120/
Авиасимуляторы
    /sim/
Falcon 4.0
    /sim/falcon4/
Flanker
    /sim/flanker/
Flanker 2.0
Flanker2
    /sim/flanker2/
Flanker 2.5
    /sim/flanker2/2.5/
OpenFlanker
    /sim/openflanker/
Atlas
    /space/alpha/a/atlas/
MGS
Mars Global Surveyor
    /space/alpha/m/MGS
MO2001
Mars 2001 Odyssey
Mars Odyssey 2001
    /space/alpha/m/MO2001
МКС
    /space/alpha/rus/m/mks/
Марс
    /space/solsys/mars/
STS-61H
    /space/usa/launch/sts/61/h
Русские Витязи
Русские витязи
    /squad/russia/knights/
Ubique
    /staff/ubique/
#link
    /support/tags/dlink/
#iurl
    /support/tags/iurl
#nav
    /support/tags/nav
DivX
    /tools/divx/
Боевое применение
боевое применение
    /wars/
АКН
    http://aero.avias.com
Russian Aviation Page
    http://aeroweb.lucia.it/~agretch/RAP.html
Авиа-ТОП
    http://airbase.hut.ru/top/
Ми-24ПН
    http://airbase.ru/forums/index.php?showtopic=24233
Sergey Platov
    http://base13.glasnet.ru
Watson's Military Page
    http://canopus.lpi.msk.su/~watson/militair.html
Foxbat AVIa
    http://foxbatavia.narod.ru/
il2.sukhoi.ru
    http://il2.sukhoi.ru
LENTA.RU
    http://lenta.ru
Мурзилка
Мурзилке
Мурзилки
Мурзилку
мурзилка
мурзилке
мурзилки
мурзилку
    http://murzilka.km.ru/
НВО
    http://nvo.ng.ru
vmalukh
    http://propro.ru/brd
жопа
жопе
жопой
жопу
    http://slovari.gramota.ru/portal_sl.html?d=elistratov&s=%E6%EE%EF%E0
Venik's Aviation Page
    http://www.aeronautics.ru
Владимир Малюх
    http://www.airforce.ru
AVIA.RU
    http://www.avia.ru
Авиапанорама
    http://www.aviapanorama.ru
Евгений Двуреченский
    http://www.aviation.ru
ВКС Буран
    http://www.buran.ru
Гостевую книгу
    http://www.chat.ru/guestbook/gbook.html?uname=kron
Городского Кота
Службы Рассылог Городского Кота
    http://www.citycat.ru
Aircraft Images Archive
    http://www.cs.ruu.nl/pub/AIRCRAFT-IMAGES/
Финмаркет
    http://www.finmarket.ru/
Soviet And Russian Aircrafts
    http://www.geocities.com/CapeCanaveral/Launchpad/7048/
Lord Denvil
    http://www.geocities.com/lord_denvil/
Вестник ПВО
    http://www.guns.ru/pvo
РИА "НОВОСТИ"
    http://www.infoart.ru/company/ria/
Ижмаш
    http://www.izhmash.ru
Фирма Камов
    http://www.kamov.ru
LLeo
    http://www.lleo.aha.ru/
Lockheed
    http://www.lmc.com
Н.Э.П.
    http://www.nep.ru
Независимая газета
    http://www.ng.ru
НЭБ
    http://www.nns.ru
Су-25УТГ
    http://www.online.ru/sp/afherald/mag_7896/pg32.rhtml
Said
Саид
    http://www.pvo.ru
Rafael
    http://www.rafael.co.il/web/
RBC
RBK
РБК
    http://www.rbc.ru
ВИФ-2
ВИФ2
    http://www.referent.ru/nvk/forum/0/0.htm
F-26
    http://www.stavatti.com/F26/f-26.html
sukhoi.ru
    http://www.sukhoi.ru
Pacman
Paul Nann's Military Aviation Photo Gallery
    http://www.totavia.com/pacman/
Крылья России
    http://www.wingstv.ru
Су- 15
    javascript:of('http://www.aviation.orc.ru/sukhoy/su-15.htm$Су-15')
Су- 17
    javascript:of('http://www.aviation.orc.ru/sukhoy/su-17.htm$Су-17')
Су- 11
Су- 13
Су- 9
    javascript:of('http://www.aviation.orc.ru/sukhoy/su-9.htm$Су-9;Су-11;Су-13')
Летающие крылья Хортенов
    javascript:of('http://www.aviation.orc.ru/wwii/ho.htm$Летающие%20крылья%20Хортенов')
9-A-768
    javascript:of('http://www.izhmash.ru/9a768.html$9-A-768')
Waldi
    mailto:101.285193@germanynet.de
Борис Палеев
    mailto:Boris.Paleev@f113.n5020.z2.fidonet.org
Олег <Alec> Лазинков
Олег <Alec> Лазинков
    mailto:LazinkovOV@mail.ru
Michael <Cat> Shulgin
Michael Shulgin
Michael <Cat> Shulgin
    mailto:Michael.Shulgin@p11.f1308.n5020.z2.fidonet.org
Shura Arhipov
    mailto:Shura.Arhipov@p63.f904.n5020.z2.fidonet.org
Tzypunov Leonid
    mailto:Tzypunov.Leonid@p30.f11.n5021.z2.fidonet.org
Alex Pronin
    mailto:alex@bhg.ru
Eugene A.Petroff
    mailto:peratron@orc.ru
Aviaphil
Авиафил
Авиафила
    mailto:philipka@jps.net
Roman Bazalevsky
    mailto:rvb@glas.net
RU.AVIATION
    news://news.fido7.ru/fido7.ru.aviation
